V3 23
FL C:/Users/Y510P/Desktop/TrafficVHDL/Clocksec.vhd 2014/05/20.20:33:10 P.20131013
EN work/Clocksec 1400589881 FL C:/Users/Y510P/Desktop/TrafficVHDL/Clocksec.vhd \
      PB ieee/std_logic_1164 1381692176 PB ieee/std_logic_arith 1381692177 \
      PB ieee/STD_LOGIC_UNSIGNED 1381692179
AR work/Clocksec/Behavioral 1400589882 \
      FL C:/Users/Y510P/Desktop/TrafficVHDL/Clocksec.vhd EN work/Clocksec 1400589881
FL C:/Users/Y510P/Desktop/TrafficVHDL/DelayTimer.vhd 2014/05/20.19:37:03 P.20131013
EN work/DelayTimer 1400589875 \
      FL C:/Users/Y510P/Desktop/TrafficVHDL/DelayTimer.vhd PB ieee/std_logic_1164 1381692176 \
      PB ieee/std_logic_arith 1381692177 PB ieee/STD_LOGIC_UNSIGNED 1381692179
AR work/DelayTimer/Behavioral 1400589876 \
      FL C:/Users/Y510P/Desktop/TrafficVHDL/DelayTimer.vhd EN work/DelayTimer 1400589875
FL C:/Users/Y510P/Desktop/TrafficVHDL/LED_countdown.vhd 2014/05/20.16:49:56 P.20131013
EN work/LED_countdown 1400589879 \
      FL C:/Users/Y510P/Desktop/TrafficVHDL/LED_countdown.vhd \
      PB ieee/std_logic_1164 1381692176
AR work/LED_countdown/Behavioral 1400589880 \
      FL C:/Users/Y510P/Desktop/TrafficVHDL/LED_countdown.vhd \
      EN work/LED_countdown 1400589879
FL C:/Users/Y510P/Desktop/TrafficVHDL/statesTraffic.vhd 2014/05/20.20:44:29 P.20131013
EN work/statesTraffic 1400589873 \
      FL C:/Users/Y510P/Desktop/TrafficVHDL/statesTraffic.vhd \
      PB ieee/std_logic_1164 1381692176 PB ieee/std_logic_arith 1381692177 \
      PB ieee/STD_LOGIC_UNSIGNED 1381692179
AR work/statesTraffic/Behavioral 1400589874 \
      FL C:/Users/Y510P/Desktop/TrafficVHDL/statesTraffic.vhd \
      EN work/statesTraffic 1400589873
FL C:/Users/Y510P/Desktop/TrafficVHDL/Trafficlight.vhd 2014/05/20.18:54:04 P.20131013
EN work/Trafficlight 1400589877 \
      FL C:/Users/Y510P/Desktop/TrafficVHDL/Trafficlight.vhd \
      PB ieee/std_logic_1164 1381692176 PB ieee/std_logic_arith 1381692177 \
      PB ieee/STD_LOGIC_UNSIGNED 1381692179
AR work/Trafficlight/Behavioral 1400589878 \
      FL C:/Users/Y510P/Desktop/TrafficVHDL/Trafficlight.vhd EN work/Trafficlight 1400589877
FL C:/Users/Y510P/Desktop/TrafficVHDL/TrafficTopLevel.vhd 2014/05/20.20:29:36 P.20131013
EN work/TrafficLevel 1400589883 \
      FL C:/Users/Y510P/Desktop/TrafficVHDL/TrafficTopLevel.vhd \
      PB ieee/std_logic_1164 1381692176 PB ieee/std_logic_arith 1381692177 \
      PB ieee/STD_LOGIC_UNSIGNED 1381692179
AR work/TrafficLevel/Behavioral 1400589884 \
      FL C:/Users/Y510P/Desktop/TrafficVHDL/TrafficTopLevel.vhd \
      EN work/TrafficLevel 1400589883 CP work/statesTraffic CP work/DelayTimer \
      CP work/Trafficlight CP work/LED_countdown CP work/Clocksec
